// Jest Snapshot v1, https://goo.gl/fbAQLP

exports[`Appeal Timetables should render "Timetable due dates" page for householder appeal type 1`] = `
"<main class="govuk-main-wrapper" id="main-content">
    <div class="govuk-grid-row">
        <div class="govuk-grid-column-two-thirds"><span class="govuk-caption-l">Appeal 351062</span>
            <h1 class="govuk-heading-l">Timetable due dates</h1>
        </div>
    </div>
    <div class="govuk-grid-row">
        <div class="govuk-grid-column-full"></div>
    </div>
    <form method="post" novalidate="novalidate">
        <div class="govuk-form-group">
            <fieldset class="govuk-fieldset" role="group" aria-describedby="lpa-questionnaire-due-date-hint">
                <legend class="govuk-fieldset__legend govuk-fieldset__legend--m">LPA questionnaire due</legend>
                <div id="lpa-questionnaire-due-date-hint"
                class="govuk-hint">For example, 27 3 2007</div>
                <div class="govuk-date-input" id="lpa-questionnaire-due-date">
                    <div class="govuk-date-input__item">
                        <div class="govuk-form-group">
                            <label class="govuk-label govuk-date-input__label" for="lpa-questionnaire-due-date-day">Day</label>
                            <input class="govuk-input govuk-date-input__input govuk-input--width-2"
                            id="lpa-questionnaire-due-date-day" name="lpa-questionnaire-due-date-day"
                            type="text" inputmode="numeric">
                        </div>
                    </div>
                    <div class="govuk-date-input__item">
                        <div class="govuk-form-group">
                            <label class="govuk-label govuk-date-input__label" for="lpa-questionnaire-due-date-month">Month</label>
                            <input class="govuk-input govuk-date-input__input govuk-input--width-2"
                            id="lpa-questionnaire-due-date-month" name="lpa-questionnaire-due-date-month"
                            type="text" inputmode="numeric">
                        </div>
                    </div>
                    <div class="govuk-date-input__item">
                        <div class="govuk-form-group">
                            <label class="govuk-label govuk-date-input__label" for="lpa-questionnaire-due-date-year">Year</label>
                            <input class="govuk-input govuk-date-input__input govuk-input--width-4"
                            id="lpa-questionnaire-due-date-year" name="lpa-questionnaire-due-date-year"
                            type="text" inputmode="numeric">
                        </div>
                    </div>
                </div>
            </fieldset>
        </div>
        <div class="govuk-button-group">
            <button type="submit" class="govuk-button" data-module="govuk-button">Continue</button>
        </div>
    </form>
</main>"
`;
