// Jest Snapshot v1, https://goo.gl/fbAQLP

exports[`in-near-or-likely-to-affect-designated-sites GET /in-near-or-likely-to-affect-designated-sites/change should render the change in, near or likely to affect designated sites page with the expected content 1`] = `
"<main class="govuk-main-wrapper" id="main-content">
    <div class="govuk-grid-row">
        <div class="govuk-grid-column-two-thirds"><span class="govuk-caption-l">Appeal 351062</span>
        </div>
    </div>
    <div class="govuk-grid-row">
        <div class="govuk-grid-column-two-thirds">
            <div class="govuk-grid-row">
                <div class="govuk-grid-column-full">
                    <form method="POST" novalidate="novalidate">
                        <div class="govuk-form-group">
                            <fieldset class="govuk-fieldset">
                                <legend class="govuk-fieldset__legend govuk-fieldset__legend--l">
                                    <h1 class="govuk-fieldset__heading"> Change whether the site is in, partly in, or likely to affect a sensitive area</h1>
                                </legend>
                                <div class="govuk-checkboxes" data-module="govuk-checkboxes">
                                    <div class="govuk-checkboxes__item">
                                        <input class="govuk-checkboxes__input" id="inNearOrLikelyToAffectDesignatedSitesCheckboxes"
                                        name="inNearOrLikelyToAffectDesignatedSitesCheckboxes" type="checkbox"
                                        value="SSSI">
                                        <label class="govuk-label govuk-checkboxes__label" for="inNearOrLikelyToAffectDesignatedSitesCheckboxes">SSSI (site of special scientific interest)</label>
                                    </div>
                                    <div class="govuk-checkboxes__item">
                                        <input class="govuk-checkboxes__input" id="inNearOrLikelyToAffectDesignatedSitesCheckboxes-2"
                                        name="inNearOrLikelyToAffectDesignatedSitesCheckboxes" type="checkbox"
                                        value="cSAC">
                                        <label class="govuk-label govuk-checkboxes__label" for="inNearOrLikelyToAffectDesignatedSitesCheckboxes-2">cSAC (candidate special area of conservation)</label>
                                    </div>
                                    <div class="govuk-checkboxes__item">
                                        <input class="govuk-checkboxes__input" id="inNearOrLikelyToAffectDesignatedSitesCheckboxes-3"
                                        name="inNearOrLikelyToAffectDesignatedSitesCheckboxes" type="checkbox"
                                        value="SAC">
                                        <label class="govuk-label govuk-checkboxes__label" for="inNearOrLikelyToAffectDesignatedSitesCheckboxes-3">SAC (special area of conservation)</label>
                                    </div>
                                    <div class="govuk-checkboxes__item">
                                        <input class="govuk-checkboxes__input" id="inNearOrLikelyToAffectDesignatedSitesCheckboxes-4"
                                        name="inNearOrLikelyToAffectDesignatedSitesCheckboxes" type="checkbox"
                                        value="pSPA">
                                        <label class="govuk-label govuk-checkboxes__label" for="inNearOrLikelyToAffectDesignatedSitesCheckboxes-4">pSPA (potential special protection area)</label>
                                    </div>
                                    <div class="govuk-checkboxes__item">
                                        <input class="govuk-checkboxes__input" id="inNearOrLikelyToAffectDesignatedSitesCheckboxes-5"
                                        name="inNearOrLikelyToAffectDesignatedSitesCheckboxes" type="checkbox"
                                        value="SPA">
                                        <label class="govuk-label govuk-checkboxes__label" for="inNearOrLikelyToAffectDesignatedSitesCheckboxes-5">SPA Ramsar (Ramsar special protection area)</label>
                                    </div>
                                    <div class="govuk-checkboxes__item">
                                        <input class="govuk-checkboxes__input" id="inNearOrLikelyToAffectDesignatedSitesCheckboxes-6"
                                        name="inNearOrLikelyToAffectDesignatedSitesCheckboxes" type="checkbox"
                                        value="other" data-aria-controls="conditional-inNearOrLikelyToAffectDesignatedSitesCheckboxes-6">
                                        <label class="govuk-label govuk-checkboxes__label" for="inNearOrLikelyToAffectDesignatedSitesCheckboxes-6">Other</label>
                                    </div>
                                    <div class="govuk-checkboxes__conditional govuk-checkboxes__conditional--hidden"
                                    id="conditional-inNearOrLikelyToAffectDesignatedSitesCheckboxes-6">
                                        <label for="custom-designation" class="govuk-label">Other designation(s)</label>
                                        <input class="govuk-input" id="custom-designation"
                                        name="customDesignation" type="text" value="">
                                    </div>
                                    <div class="govuk-checkboxes__divider">or</div>
                                    <div class="govuk-checkboxes__item">
                                        <input class="govuk-checkboxes__input" id="inNearOrLikelyToAffectDesignatedSitesCheckboxes-8"
                                        name="inNearOrLikelyToAffectDesignatedSitesCheckboxes" type="checkbox"
                                        value="none" checked data-behaviour="exclusive">
                                        <label class="govuk-label govuk-checkboxes__label" for="inNearOrLikelyToAffectDesignatedSitesCheckboxes-8">No, it is not in, near or likely to affect any designated sites</label>
                                    </div>
                                </div>
                            </fieldset>
                        </div>
                        <button type="submit" data-prevent-double-click="true" class="govuk-button"
                        data-module="govuk-button">Continue</button>
                    </form>
                </div>
            </div>
        </div>
    </div>
</main>"
`;
