// Jest Snapshot v1, https://goo.gl/fbAQLP

exports[`highway traffic public safety GET /change should render the highway traffic public safety change page when accessed from LPAQ page 1`] = `
"<main class="govuk-main-wrapper" id="main-content">
    <div class="govuk-grid-row">
        <div class="govuk-grid-column-two-thirds"><span class="govuk-caption-l">Appeal 351062</span>
        </div>
    </div>
    <div class="govuk-grid-row">
        <div class="govuk-grid-column-two-thirds">
            <div class="govuk-grid-row">
                <div class="govuk-grid-column-full">
                    <form method="POST" novalidate="novalidate">
                        <div class="govuk-form-group">
                            <fieldset class="govuk-fieldset">
                                <legend class="govuk-fieldset__legend govuk-fieldset__legend--l">
                                    <h1 class="govuk-fieldset__heading"> Did you refuse the application because of highway or traffic public safety?</h1>
                                </legend>
                                <div class="govuk-radios" data-module="govuk-radios">
                                    <div class="govuk-radios__item">
                                        <input class="govuk-radios__input" id="highway-traffic-public-safety-radio"
                                        name="highwayTrafficPublicSafetyRadio" type="radio" value="yes">
                                        <label class="govuk-label govuk-radios__label" for="highway-traffic-public-safety-radio">Yes</label>
                                    </div>
                                    <div class="govuk-radios__item">
                                        <input class="govuk-radios__input" id="highway-traffic-public-safety-radio-2"
                                        name="highwayTrafficPublicSafetyRadio" type="radio" value="no">
                                        <label class="govuk-label govuk-radios__label" for="highway-traffic-public-safety-radio-2">No</label>
                                    </div>
                                </div>
                            </fieldset>
                        </div>
                        <button type="submit" data-prevent-double-click="true" class="govuk-button"
                        data-module="govuk-button">Continue</button>
                    </form>
                </div>
            </div>
        </div>
    </div>
</main>"
`;
