// Jest Snapshot v1, https://goo.gl/fbAQLP

exports[`redact renders the confirm redaction page 1`] = `
"<main class="govuk-main-wrapper" id="main-content">
    <div class="govuk-grid-row">
        <div class="govuk-grid-column-two-thirds"><span class="govuk-caption-l">Appeal 351062</span>
            <h1 class="govuk-heading-l">Check details and redact comment</h1>
        </div>
    </div>
    <div class="govuk-grid-row">
        <div class="govuk-grid-column-full">
            <dl class="govuk-summary-list">
                <div class="govuk-summary-list__row govuk-summary-list__row--no-actions"><dt class="govuk-summary-list__key"> Interested party</dt>
                    <dd class="govuk-summary-list__value">Lee Thornton</dd>
                </div>
                <div class="govuk-summary-list__row govuk-summary-list__row--no-actions"><dt class="govuk-summary-list__key"> Original comment</dt>
                    <dd class="govuk-summary-list__value">Awaiting review comment 47</dd>
                </div>
                <div class="govuk-summary-list__row"><dt class="govuk-summary-list__key"> Redacted comment</dt>
                    <dd class="govuk-summary-list__value"></dd>
                    <dd class="govuk-summary-list__actions"><a class="govuk-link" href="/appeals-service/appeal-details/2/interested-party-comments/3670/redact">Change<span class="govuk-visually-hidden"> redacted comment</span></a>
                    </dd>
                </div>
                <div class="govuk-summary-list__row"><dt class="govuk-summary-list__key"> Supporting documents</dt>
                    <dd class="govuk-summary-list__value">Not provided</dd>
                    <dd class="govuk-summary-list__actions"><a class="govuk-link" href="/appeals-service/appeal-details/2/interested-party-comments/3670/add-document?backUrl=/interested-party-comments/3670/redact/confirm">Add<span class="govuk-visually-hidden"> supporting documents</span></a>
                    </dd>
                </div>
            </dl>
        </div>
    </div>
    <div class="govuk-grid-row">
        <div class="govuk-grid-column-full">
            <form action="" method="POST" novalidate>
                <button type="submit" class="govuk-button" data-module="govuk-button">Redact and accept comment</button>
            </form>
        </div>
    </div>
</main>"
`;

exports[`redact renders the redact page 1`] = `
"<main class="govuk-main-wrapper" id="main-content">
    <div class="govuk-grid-row">
        <div class="govuk-grid-column-two-thirds"><span class="govuk-caption-l">Appeal 351062</span>
            <h1 class="govuk-heading-l">Check details and redact comment</h1>
        </div>
    </div>
    <div class="govuk-grid-row">
        <form method="POST" class="govuk-grid-column-two-thirds">
            <p class="govuk-body govuk-!-margin-bottom-0">Original comment:</p>
            <div id="original-comment" class="govuk-inset-text govuk-!-margin-top-2">Awaiting review comment 47</div>
            <div class="govuk-button-group">
                <button type="submit" class="govuk-button govuk-button--secondary" data-module="govuk-button"
                id="revert-button">Revert to original comment</button>
            </div>
            <div class="govuk-form-group">
                <label class="govuk-label govuk-label--s" for="redact-textarea">Redacted comment</label>
                <textarea class="govuk-textarea" id="redact-textarea"
                name="redactedRepresentation" rows="5" readonly="true">Awaiting review comment 47</textarea>
            </div>
            <div class="govuk-button-group">
                <button type="submit" class="govuk-button govuk-button--secondary" data-module="govuk-button"
                id="redact-button">Redact selected text</button>
                <button type="submit" class="govuk-button govuk-button--secondary"
                data-module="govuk-button" id="undo-button">Undo changes</button>
            </div>
            <div class="govuk-button-group">
                <button type="submit" class="govuk-button" data-module="govuk-button">Continue</button>
            </div>
        </form>
    </div>
</main>"
`;
