// Jest Snapshot v1, https://goo.gl/fbAQLP

exports[`eia-development-description GET /change should render the development description change page with "Agriculture aquaculture" radio option checked if eiaDevelopmentDescription is "agriculture-aquaculture" 1`] = `
"<main class="govuk-main-wrapper" id="main-content">
    <div class="govuk-grid-row">
        <div class="govuk-grid-column-two-thirds"><span class="govuk-caption-l">Appeal 351062</span>
        </div>
    </div>
    <div class="govuk-grid-row">
        <div class="govuk-grid-column-two-thirds">
            <div class="govuk-grid-row">
                <div class="govuk-grid-column-full">
                    <form method="POST" novalidate="novalidate">
                        <div class="govuk-form-group">
                            <fieldset class="govuk-fieldset">
                                <legend class="govuk-fieldset__legend govuk-fieldset__legend--l">
                                    <h1 class="govuk-fieldset__heading"> Description of development</h1>
                                </legend>
                                <div class="govuk-radios" data-module="govuk-radios">
                                    <div class="govuk-radios__item">
                                        <input class="govuk-radios__input" id="eiaDevelopmentDescription" name="eiaDevelopmentDescription"
                                        type="radio" value="agriculture-aquaculture" checked>
                                        <label class="govuk-label govuk-radios__label" for="eiaDevelopmentDescription">Agriculture and aquaculture</label>
                                    </div>
                                    <div class="govuk-radios__item">
                                        <input class="govuk-radios__input" id="eiaDevelopmentDescription-2" name="eiaDevelopmentDescription"
                                        type="radio" value="change-extensions">
                                        <label class="govuk-label govuk-radios__label" for="eiaDevelopmentDescription-2">Changes and extensions</label>
                                    </div>
                                    <div class="govuk-radios__item">
                                        <input class="govuk-radios__input" id="eiaDevelopmentDescription-3" name="eiaDevelopmentDescription"
                                        type="radio" value="chemical-industry">
                                        <label class="govuk-label govuk-radios__label" for="eiaDevelopmentDescription-3">Chemical industry (unless included in Schedule 1)</label>
                                    </div>
                                    <div class="govuk-radios__item">
                                        <input class="govuk-radios__input" id="eiaDevelopmentDescription-4" name="eiaDevelopmentDescription"
                                        type="radio" value="energy-industry">
                                        <label class="govuk-label govuk-radios__label" for="eiaDevelopmentDescription-4">Energy industry</label>
                                    </div>
                                    <div class="govuk-radios__item">
                                        <input class="govuk-radios__input" id="eiaDevelopmentDescription-5" name="eiaDevelopmentDescription"
                                        type="radio" value="extractive-industry">
                                        <label class="govuk-label govuk-radios__label" for="eiaDevelopmentDescription-5">Extractive industry</label>
                                    </div>
                                    <div class="govuk-radios__item">
                                        <input class="govuk-radios__input" id="eiaDevelopmentDescription-6" name="eiaDevelopmentDescription"
                                        type="radio" value="food-industry">
                                        <label class="govuk-label govuk-radios__label" for="eiaDevelopmentDescription-6">Food industry</label>
                                    </div>
                                    <div class="govuk-radios__item">
                                        <input class="govuk-radios__input" id="eiaDevelopmentDescription-7" name="eiaDevelopmentDescription"
                                        type="radio" value="infrastructure-projects">
                                        <label class="govuk-label govuk-radios__label" for="eiaDevelopmentDescription-7">Infrastructure projects</label>
                                    </div>
                                    <div class="govuk-radios__item">
                                        <input class="govuk-radios__input" id="eiaDevelopmentDescription-8" name="eiaDevelopmentDescription"
                                        type="radio" value="mineral-industry">
                                        <label class="govuk-label govuk-radios__label" for="eiaDevelopmentDescription-8">Mineral industry</label>
                                    </div>
                                    <div class="govuk-radios__item">
                                        <input class="govuk-radios__input" id="eiaDevelopmentDescription-9" name="eiaDevelopmentDescription"
                                        type="radio" value="other-projects">
                                        <label class="govuk-label govuk-radios__label" for="eiaDevelopmentDescription-9">Other projects</label>
                                    </div>
                                    <div class="govuk-radios__item">
                                        <input class="govuk-radios__input" id="eiaDevelopmentDescription-10" name="eiaDevelopmentDescription"
                                        type="radio" value="production-processing-of-metals">
                                        <label class="govuk-label govuk-radios__label" for="eiaDevelopmentDescription-10">Production and processing of metals</label>
                                    </div>
                                    <div class="govuk-radios__item">
                                        <input class="govuk-radios__input" id="eiaDevelopmentDescription-11" name="eiaDevelopmentDescription"
                                        type="radio" value="rubber-industry">
                                        <label class="govuk-label govuk-radios__label" for="eiaDevelopmentDescription-11">Rubber industry</label>
                                    </div>
                                    <div class="govuk-radios__item">
                                        <input class="govuk-radios__input" id="eiaDevelopmentDescription-12" name="eiaDevelopmentDescription"
                                        type="radio" value="textile-industries">
                                        <label class="govuk-label govuk-radios__label" for="eiaDevelopmentDescription-12">Textile, leather, wood and paper industries</label>
                                    </div>
                                    <div class="govuk-radios__item">
                                        <input class="govuk-radios__input" id="eiaDevelopmentDescription-13" name="eiaDevelopmentDescription"
                                        type="radio" value="tourism-leisure">
                                        <label class="govuk-label govuk-radios__label" for="eiaDevelopmentDescription-13">Tourism and leisure</label>
                                    </div>
                                </div>
                            </fieldset>
                        </div>
                        <button type="submit" data-prevent-double-click="true" class="govuk-button"
                        data-module="govuk-button">Continue</button>
                    </form>
                </div>
            </div>
        </div>
    </div>
</main>"
`;
