// Jest Snapshot v1, https://goo.gl/fbAQLP

exports[`auth authentication should clear any pending authentication data if the MSAL redirect is not subsequently invoked 1`] = `
"<main class="govuk-main-wrapper " id="main-content" role="main">
    <div class="govuk-grid-row">
        <div class="govuk-grid-column-two-thirds">
            <h1 class="govuk-heading-xl">Sorry, there is a problem with the service</h1>
        </div>
    </div>
    <div class="govuk-grid-row">
        <div class="govuk-grid-column-two-thirds">
            <p class="govuk-body">Try again later.</p>
            <p class="govuk-body"><a href="https://has-appeal.herokuapp.com/help/contact" class="govuk-link">Contact the Planning Inspectorate Customer Support</a> if
                the problem persists.</p>
        </div>
    </div>
</main>"
`;

exports[`auth authentication should display a logout link in the header when the user is authenticated 1`] = `
"<header class="govuk-header" id="pins-applications-header" role="banner"
data-module="govuk-header">
    <div class="govuk-width-container">
        <div class="pins-row">
            <div class="pins-column--left">
                <div class="pins-header__logo"><i class="pins-header__logo-crown"></i>
                </div><span>Planning Inspectorate</span>
            </div>
            <div class="pins-column--central">
                <p class="pins-header-domainname govuk-!-margin-top-1">Manage appeals</p>
                <nav class="govuk-header__navigation pins-header-navigation"
                aria-label="Menu">
                    <ul class="govuk-header__navigation-list">
                        <li class="govuk-header__navigation-item"><a class="govuk-header__link" href="/appeals-service/personal-list">Assigned to me</a>
                        </li>
                        <li class="govuk-header__navigation-item"><a class="govuk-header__link" href="/appeals-service/all-cases">All cases</a>
                        </li>
                        <li class="govuk-header__navigation-item"><a class="govuk-header__link" href="/auth/signout">Sign out</a>
                        </li>
                    </ul>
                </nav>
            </div>
        </div>
    </div>
</header>"
`;

exports[`auth authentication should display a logout link in the header when the user is authenticated 2`] = `
"<header class="govuk-header" id="pins-applications-header" role="banner"
data-module="govuk-header">
    <div class="govuk-width-container">
        <div class="pins-row">
            <div class="pins-column--left">
                <div class="pins-header__logo"><i class="pins-header__logo-crown"></i>
                </div><span>Planning Inspectorate</span>
            </div>
            <div class="pins-column--central">
                <p class="pins-header-domainname govuk-!-margin-top-1">Manage appeals</p>
                <nav class="govuk-header__navigation pins-header-navigation"
                aria-label="Menu">
                    <ul class="govuk-header__navigation-list">
                        <li class="govuk-header__navigation-item"><a class="govuk-header__link" href="/appeals-service/personal-list">Assigned to me</a>
                        </li>
                        <li class="govuk-header__navigation-item"><a class="govuk-header__link" href="/appeals-service/all-cases">All cases</a>
                        </li>
                        <li class="govuk-header__navigation-item"><a class="govuk-header__link" href="/auth/signout">Sign out</a>
                        </li>
                    </ul>
                </nav>
            </div>
        </div>
    </div>
</header>"
`;
