// Jest Snapshot v1, https://goo.gl/fbAQLP

exports[`change to inquiry date and time GET /change-appeal-procedure-date-and-time/inquiry/date should match the snapshot 1`] = `
"<main class="govuk-main-wrapper" id="main-content">
    <div class="govuk-grid-row">
        <div class="govuk-grid-column-two-thirds">
            <h1 class="govuk-heading-xl">Page not found</h1>
        </div>
    </div>
    <div class="govuk-grid-row">
        <div class="govuk-grid-column-two-thirds">
            <p class="govuk-body">If you typed the web address, check it is correct.</p>
            <p class="govuk-body">If you pasted the web address, check you copied the entire address.</p>
            <p             class="govuk-body"><a href="https://has-appeal.herokuapp.com/help/contact" class="govuk-link">Contact the Planning Inspectorate Customer Support</a> if
                the problem persists</p>
        </div>
    </div>
</main>"
`;

exports[`change to inquiry date and time GET /change-appeal-procedure-type/inquiry/date should match the snapshot 1`] = `
"<main class="govuk-main-wrapper" id="main-content">
    <div class="govuk-grid-row">
        <div class="govuk-grid-column-two-thirds"><span class="govuk-caption-l">Appeal 351062 - update appeal procedure</span>
            <h1             class="govuk-heading-l">Inquiry date and time</h1>
        </div>
    </div>
    <div class="govuk-grid-row">
        <div class="govuk-grid-column-two-thirds">
            <div class="govuk-grid-row">
                <div class="govuk-grid-column-full">
                    <form method="POST" novalidate="novalidate">
                        <div class="govuk-form-group">
                            <fieldset class="govuk-fieldset" role="group" aria-describedby="event-date-hint">
                                <legend class="govuk-fieldset__legend govuk-fieldset__legend--m">Date</legend>
                                <div id="event-date-hint" class="govuk-hint">For example, 31 3 2025</div>
                                <div class="govuk-date-input" id="event-date">
                                    <div class="govuk-date-input__item">
                                        <div class="govuk-form-group">
                                            <label class="govuk-label govuk-date-input__label" for="event-date-day">Day</label>
                                            <input class="govuk-input govuk-date-input__input govuk-input--width-2 govuk-input govuk-date-input__input"
                                            id="event-date-day" name="event-date-day" type="text" value="19" inputmode="numeric">
                                        </div>
                                    </div>
                                    <div class="govuk-date-input__item">
                                        <div class="govuk-form-group">
                                            <label class="govuk-label govuk-date-input__label" for="event-date-month">Month</label>
                                            <input class="govuk-input govuk-date-input__input govuk-input--width-2 govuk-input govuk-date-input__input"
                                            id="event-date-month" name="event-date-month" type="text" value="03" inputmode="numeric">
                                        </div>
                                    </div>
                                    <div class="govuk-date-input__item">
                                        <div class="govuk-form-group">
                                            <label class="govuk-label govuk-date-input__label" for="event-date-year">Year</label>
                                            <input class="govuk-input govuk-date-input__input govuk-input--width-4 govuk-input govuk-date-input__input"
                                            id="event-date-year" name="event-date-year" type="text" value="2026" inputmode="numeric">
                                        </div>
                                    </div>
                                </div>
                            </fieldset>
                        </div>
                        <fieldset class="govuk-fieldset">
                            <legend class="govuk-fieldset__legend govuk-fieldset__legend--m">Time</legend>
                            <div id="hearing-date-hint" class="govuk-hint">For example, 9:00 or 13:15</div>
                            <div class="govuk-date-input">
                                <div class="govuk-date-input__item govuk-!-margin-right-1">
                                    <div class="govuk-form-group">
                                        <label class="govuk-label" for="event-time-hour">Hour</label>
                                        <input class="govuk-input govuk-input--width-2" id="event-time-hour"
                                        name="event-time-hour" type="text" value="10">
                                    </div>
                                </div>
                                <div class="govuk-date-input__item govuk-!-font-size-19 govuk-!-padding-0 govuk-!-margin-right-1">:</div>
                                <div class="govuk-date-input__item">
                                    <div class="govuk-form-group">
                                        <label class="govuk-label" for="event-time-minute">Minute</label>
                                        <input class="govuk-input govuk-input--width-2" id="event-time-minute"
                                        name="event-time-minute" type="text" value="00">
                                    </div>
                                </div>
                            </div>
                        </fieldset>
                        <button type="submit" data-prevent-double-click="true" class="govuk-button"
                        data-module="govuk-button">Continue</button>
                    </form>
                </div>
            </div>
        </div>
    </div>
</main>"
`;
