// Jest Snapshot v1, https://goo.gl/fbAQLP

exports[`site-ownership GET /change should render the siteOwnership change page 1`] = `
"<main class="govuk-main-wrapper " id="main-content" role="main">
    <div class="govuk-grid-row">
        <div class="govuk-grid-column-two-thirds">
            <div class="govuk-grid-row">
                <div class="govuk-grid-column-full"><span class="govuk-caption-l govuk-!-margin-bottom-3">Appeal 351062</span>
                    <h1                     class="govuk-heading-l govuk-!-margin-bottom-3">Change the site ownership</h1>
                </div>
            </div>
            <form method="POST" novalidate="novalidate">
                <div class="govuk-form-group">
                    <div class="govuk-radios" data-module="govuk-radios">
                        <div class="govuk-radios__item">
                            <input class="govuk-radios__input" id="siteOwnershipRadio" name="siteOwnershipRadio"
                            type="radio" value="fully" checked>
                            <label class="govuk-label govuk-radios__label" for="siteOwnershipRadio">Fully owned by appellant</label>
                        </div>
                        <div class="govuk-radios__item">
                            <input class="govuk-radios__input" id="siteOwnershipRadio-2" name="siteOwnershipRadio"
                            type="radio" value="partially">
                            <label class="govuk-label govuk-radios__label" for="siteOwnershipRadio-2">Partially owned by appellant</label>
                        </div>
                    </div>
                </div>
                <button type="submit" class="govuk-button" data-module="govuk-button">Continue</button>
            </form>
        </div>
    </div>
</main>"
`;
