// Jest Snapshot v1, https://goo.gl/fbAQLP

exports[`change-site-area GET /change should render changeSiteArea page when loaded from appellant case 1`] = `
"<main class="govuk-main-wrapper " id="main-content" role="main">
    <div class="govuk-grid-row">
        <div class="govuk-grid-column-two-thirds">
            <div class="govuk-grid-row">
                <div class="govuk-grid-column-full"><span class="govuk-caption-l govuk-!-margin-bottom-3">Appeal 351062</span>
                    <h1                     class="govuk-heading-l govuk-!-margin-bottom-3">Change the site area</h1>
                </div>
            </div>
            <div class="govuk-grid-row">
                <div class="govuk-grid-column-full">
                    <form method="POST" novalidate="novalidate">
                        <div class="govuk-form-group">
                            <label class="govuk-label" for="site-area">Site area in square metres</label>
                            <div class="govuk-input__wrapper">
                                <input class="govuk-input govuk-input--width-10" id="site-area" name="siteArea"
                                type="text" value="30.1">
                                <div class="govuk-input__suffix" aria-hidden="true">m²</div>
                            </div>
                        </div>
                        <button type="submit" data-prevent-double-click="true" class="govuk-button"
                        data-module="govuk-button">Continue</button>
                    </form>
                </div>
            </div>
        </div>
    </div>
</main>"
`;

exports[`change-site-area POST /change should re-render changeSiteArea page with an error when siteArea is empty 1`] = `
"<main class="govuk-main-wrapper " id="main-content" role="main">
    <div class="govuk-grid-row">
        <div class="govuk-grid-column-two-thirds">
            <div class="govuk-error-summary" data-module="govuk-error-summary">
                <div role="alert">
                    <h2 class="govuk-error-summary__title"> There is a problem</h2>
                    <div class="govuk-error-summary__body">
                        <ul class="govuk-list govuk-error-summary__list">
                            <li><a href="#site-area">Enter the site area</a>
                            </li>
                        </ul>
                    </div>
                </div>
            </div>
            <div class="govuk-grid-row">
                <div class="govuk-grid-column-full"><span class="govuk-caption-l govuk-!-margin-bottom-3">Appeal 351062</span>
                    <h1                     class="govuk-heading-l govuk-!-margin-bottom-3">Change the site area</h1>
                </div>
            </div>
            <div class="govuk-grid-row">
                <div class="govuk-grid-column-full">
                    <form method="POST" novalidate="novalidate">
                        <div class="govuk-form-group">
                            <label class="govuk-label" for="site-area">Site area in square metres</label>
                            <div class="govuk-input__wrapper">
                                <input class="govuk-input govuk-input--width-10" id="site-area" name="siteArea"
                                type="text">
                                <div class="govuk-input__suffix" aria-hidden="true">m²</div>
                            </div>
                        </div>
                        <button type="submit" data-prevent-double-click="true" class="govuk-button"
                        data-module="govuk-button">Continue</button>
                    </form>
                </div>
            </div>
        </div>
    </div>
</main>"
`;

exports[`change-site-area POST /change should re-render changeSiteArea page with an error when siteArea is not a number or decimal 1`] = `
"<main class="govuk-main-wrapper " id="main-content" role="main">
    <div class="govuk-grid-row">
        <div class="govuk-grid-column-two-thirds">
            <div class="govuk-error-summary" data-module="govuk-error-summary">
                <div role="alert">
                    <h2 class="govuk-error-summary__title"> There is a problem</h2>
                    <div class="govuk-error-summary__body">
                        <ul class="govuk-list govuk-error-summary__list">
                            <li><a href="#site-area">Site area must be a number or decimal</a>
                            </li>
                        </ul>
                    </div>
                </div>
            </div>
            <div class="govuk-grid-row">
                <div class="govuk-grid-column-full"><span class="govuk-caption-l govuk-!-margin-bottom-3">Appeal 351062</span>
                    <h1                     class="govuk-heading-l govuk-!-margin-bottom-3">Change the site area</h1>
                </div>
            </div>
            <div class="govuk-grid-row">
                <div class="govuk-grid-column-full">
                    <form method="POST" novalidate="novalidate">
                        <div class="govuk-form-group">
                            <label class="govuk-label" for="site-area">Site area in square metres</label>
                            <div class="govuk-input__wrapper">
                                <input class="govuk-input govuk-input--width-10" id="site-area" name="siteArea"
                                type="text" value="blah">
                                <div class="govuk-input__suffix" aria-hidden="true">m²</div>
                            </div>
                        </div>
                        <button type="submit" data-prevent-double-click="true" class="govuk-button"
                        data-module="govuk-button">Continue</button>
                    </form>
                </div>
            </div>
        </div>
    </div>
</main>"
`;
