// Jest Snapshot v1, https://goo.gl/fbAQLP

exports[`appeal-details GET /:appealId Timetable Valid date should render a "Timetable" with all rows with the Start date and IP comments due date without an action link 1`] = `
"<dl class="govuk-summary-list appeal-case-timetable">
    <div class="govuk-summary-list__row appeal-valid-date"><dt class="govuk-summary-list__key"> Valid date</dt>
        <dd class="govuk-summary-list__value">23 May 2023</dd>
        <dd class="govuk-summary-list__actions"><a class="govuk-link" href="/appeals-service/appeal-details/3/appellant-case/valid/date"
            data-cy="-valid-date"><span class="govuk-visually-hidden"> Valid date</span></a>
        </dd>
    </div>
    <div class="govuk-summary-list__row appeal-start-date"><dt class="govuk-summary-list__key"> Start date</dt>
        <dd class="govuk-summary-list__value">23 May 2023</dd>
        <dd class="govuk-summary-list__actions"><a class="govuk-link" href="/appeals-service/appeal-details/3/start-case/change"
            data-cy="-start-case-date"><span class="govuk-visually-hidden"> Start date</span></a>
        </dd>
    </div>
    <div class="govuk-summary-list__row appeal-lpa-questionnaire-due-date"><dt class="govuk-summary-list__key"> LPA questionnaire due</dt>
        <dd class="govuk-summary-list__value">11 October 2023</dd>
    </div>
    <div class="govuk-summary-list__row appeal-lpa-statement-due-date"><dt class="govuk-summary-list__key"> LPA statement due</dt>
        <dd class="govuk-summary-list__value"></dd>
    </div>
    <div class="govuk-summary-list__row appeal-ip-comments-due-date"><dt class="govuk-summary-list__key"> Interested party comments due</dt>
        <dd         class="govuk-summary-list__value">29 April 2025</dd>
    </div>
    <div class="govuk-summary-list__row appeal-final-comments-due-date"><dt class="govuk-summary-list__key"> Final comments due</dt>
        <dd class="govuk-summary-list__value">12 October 2023</dd>
        <dd class="govuk-summary-list__actions"><a class="govuk-link" href="/appeals-service/appeal-details/3/timetable/edit"
            data-cy="change-final-comments-due-date">Change<span class="govuk-visually-hidden"> Final comments due</span></a>
        </dd>
    </div>
</dl>"
`;
