// Jest Snapshot v1, https://goo.gl/fbAQLP

exports[`lpa-changed-description GET /change should render developmentDescription.isCorrect page from appeals details 1`] = `
"<main class="govuk-main-wrapper " id="main-content" role="main">
    <div class="govuk-grid-row">
        <div class="govuk-grid-column-two-thirds">
            <div class="govuk-grid-row">
                <div class="govuk-grid-column-full"><span class="govuk-caption-l govuk-!-margin-bottom-3">Appeal undefined</span>
                    <h1                     class="govuk-heading-l govuk-!-margin-bottom-3">Did the LPA change the description of the development?</h1>
                </div>
            </div>
            <form method="POST" novalidate="novalidate">
                <div class="govuk-form-group">
                    <div class="govuk-radios" data-module="govuk-radios">
                        <div class="govuk-radios__item">
                            <input class="govuk-radios__input" id="lpaChangedDescriptionRadio" name="lpaChangedDescriptionRadio"
                            type="radio" value="yes">
                            <label class="govuk-label govuk-radios__label" for="lpaChangedDescriptionRadio">Yes</label>
                        </div>
                        <div class="govuk-radios__item">
                            <input class="govuk-radios__input" id="lpaChangedDescriptionRadio-2" name="lpaChangedDescriptionRadio"
                            type="radio" value="no" checked>
                            <label class="govuk-label govuk-radios__label" for="lpaChangedDescriptionRadio-2">No</label>
                        </div>
                    </div>
                </div>
                <button type="submit" class="govuk-button" data-module="govuk-button">Continue</button>
            </form>
        </div>
    </div>
</main>"
`;
