// Jest Snapshot v1, https://goo.gl/fbAQLP

exports[`green-belt GET /change should render the greenBelt change page when accessed from Appellant Case page 1`] = `
"<main class="govuk-main-wrapper " id="main-content" role="main">
    <div class="govuk-grid-row">
        <div class="govuk-grid-column-two-thirds">
            <div class="govuk-grid-row">
                <div class="govuk-grid-column-full"><span class="govuk-caption-l govuk-!-margin-bottom-3">Appeal 351062</span>
                    <h1                     class="govuk-heading-l govuk-!-margin-bottom-3">Is the site in a green belt?</h1>
                </div>
            </div>
            <form method="POST" novalidate="novalidate">
                <div class="govuk-form-group">
                    <div class="govuk-radios" data-module="govuk-radios">
                        <div class="govuk-radios__item">
                            <input class="govuk-radios__input" id="greenBeltRadio" name="greenBeltRadio"
                            type="radio" value="yes">
                            <label class="govuk-label govuk-radios__label" for="greenBeltRadio">Yes</label>
                        </div>
                        <div class="govuk-radios__item">
                            <input class="govuk-radios__input" id="greenBeltRadio-2" name="greenBeltRadio"
                            type="radio" value="no">
                            <label class="govuk-label govuk-radios__label" for="greenBeltRadio-2">No</label>
                        </div>
                    </div>
                </div>
                <button type="submit" data-prevent-double-click="true" class="govuk-button"
                data-module="govuk-button">Continue</button>
            </form>
        </div>
    </div>
</main>"
`;

exports[`green-belt GET /change should render the greenBelt change page when accessed from LPAQ page 1`] = `
"<main class="govuk-main-wrapper " id="main-content" role="main">
    <div class="govuk-grid-row">
        <div class="govuk-grid-column-two-thirds">
            <div class="govuk-grid-row">
                <div class="govuk-grid-column-full"><span class="govuk-caption-l govuk-!-margin-bottom-3">Appeal 351062</span>
                    <h1                     class="govuk-heading-l govuk-!-margin-bottom-3">Is the site in a green belt?</h1>
                </div>
            </div>
            <form method="POST" novalidate="novalidate">
                <div class="govuk-form-group">
                    <div class="govuk-radios" data-module="govuk-radios">
                        <div class="govuk-radios__item">
                            <input class="govuk-radios__input" id="greenBeltRadio" name="greenBeltRadio"
                            type="radio" value="yes">
                            <label class="govuk-label govuk-radios__label" for="greenBeltRadio">Yes</label>
                        </div>
                        <div class="govuk-radios__item">
                            <input class="govuk-radios__input" id="greenBeltRadio-2" name="greenBeltRadio"
                            type="radio" value="no">
                            <label class="govuk-label govuk-radios__label" for="greenBeltRadio-2">No</label>
                        </div>
                    </div>
                </div>
                <button type="submit" data-prevent-double-click="true" class="govuk-button"
                data-module="govuk-button">Continue</button>
            </form>
        </div>
    </div>
</main>"
`;
