// Jest Snapshot v1, https://goo.gl/fbAQLP

exports[`extra-conditions GET /change should render the change extra conditions page 1`] = `
"<main class="govuk-main-wrapper " id="main-content" role="main">
    <div class="govuk-grid-row">
        <div class="govuk-grid-column-two-thirds"><span class="govuk-caption-l">Appeal 351062</span>
        </div>
    </div>
    <div class="govuk-grid-row">
        <div class="govuk-grid-column-two-thirds">
            <div class="govuk-grid-row">
                <div class="govuk-grid-column-full">
                    <form method="POST" novalidate="novalidate">
                        <div class="govuk-form-group">
                            <fieldset class="govuk-fieldset">
                                <legend class="govuk-fieldset__legend govuk-fieldset__legend--l">
                                    <h1 class="govuk-fieldset__heading"> Change extra conditions</h1>
                                </legend>
                                <div class="govuk-radios" data-module="govuk-radios">
                                    <div class="govuk-radios__item">
                                        <input class="govuk-radios__input" id="extra-conditions-radio" name="extraConditionsRadio"
                                        type="radio" value="yes" checked data-aria-controls="conditional-extra-conditions-radio">
                                        <label class="govuk-label govuk-radios__label" for="extra-conditions-radio">Yes</label>
                                    </div>
                                    <div class="govuk-radios__conditional" id="conditional-extra-conditions-radio">
                                        <div class="govuk-form-group">
                                            <label class="govuk-label" for="extra-conditions-details">Extra conditions details</label>
                                            <textarea class="govuk-textarea" id="extra-conditions-details"
                                            name="extraConditionsDetails" rows="3">Some extra conditions</textarea>
                                        </div>
                                    </div>
                                    <div class="govuk-radios__item">
                                        <input class="govuk-radios__input" id="extra-conditions-radio-2" name="extraConditionsRadio"
                                        type="radio" value="no">
                                        <label class="govuk-label govuk-radios__label" for="extra-conditions-radio-2">No</label>
                                    </div>
                                </div>
                            </fieldset>
                        </div>
                        <button type="submit" data-prevent-double-click="true" class="govuk-button"
                        data-module="govuk-button">Continue</button>
                    </form>
                </div>
            </div>
        </div>
    </div>
</main>"
`;

exports[`extra-conditions POST /change should re-render the change extra conditions page with an error when isRequired is "yes" but details is empty 1`] = `
"<main class="govuk-main-wrapper " id="main-content" role="main">
    <div class="govuk-grid-row">
        <div class="govuk-grid-column-two-thirds">
            <div class="govuk-error-summary" data-module="govuk-error-summary">
                <div role="alert">
                    <h2 class="govuk-error-summary__title"> There is a problem</h2>
                    <div class="govuk-error-summary__body">
                        <ul class="govuk-list govuk-error-summary__list">
                            <li><a href="#extra-conditions-details">Enter extra conditions details</a>
                            </li>
                        </ul>
                    </div>
                </div>
            </div>
        </div>
    </div>
    <div class="govuk-grid-row">
        <div class="govuk-grid-column-two-thirds"><span class="govuk-caption-l">Appeal 351062</span>
        </div>
    </div>
    <div class="govuk-grid-row">
        <div class="govuk-grid-column-two-thirds">
            <div class="govuk-grid-row">
                <div class="govuk-grid-column-full">
                    <form method="POST" novalidate="novalidate">
                        <div class="govuk-form-group">
                            <fieldset class="govuk-fieldset">
                                <legend class="govuk-fieldset__legend govuk-fieldset__legend--l">
                                    <h1 class="govuk-fieldset__heading"> Change extra conditions</h1>
                                </legend>
                                <div class="govuk-radios" data-module="govuk-radios">
                                    <div class="govuk-radios__item">
                                        <input class="govuk-radios__input" id="extra-conditions-radio" name="extraConditionsRadio"
                                        type="radio" value="yes" checked data-aria-controls="conditional-extra-conditions-radio">
                                        <label class="govuk-label govuk-radios__label" for="extra-conditions-radio">Yes</label>
                                    </div>
                                    <div class="govuk-radios__conditional" id="conditional-extra-conditions-radio">
                                        <div class="govuk-form-group">
                                            <label class="govuk-label" for="extra-conditions-details">Extra conditions details</label>
                                            <textarea class="govuk-textarea" id="extra-conditions-details"
                                            name="extraConditionsDetails" rows="3"></textarea>
                                        </div>
                                    </div>
                                    <div class="govuk-radios__item">
                                        <input class="govuk-radios__input" id="extra-conditions-radio-2" name="extraConditionsRadio"
                                        type="radio" value="no">
                                        <label class="govuk-label govuk-radios__label" for="extra-conditions-radio-2">No</label>
                                    </div>
                                </div>
                            </fieldset>
                        </div>
                        <button type="submit" data-prevent-double-click="true" class="govuk-button"
                        data-module="govuk-button">Continue</button>
                    </form>
                </div>
            </div>
        </div>
    </div>
</main>"
`;

exports[`extra-conditions should re-render the change extra conditions page with an error when details exceeds 1000 characters 1`] = `
"<main class="govuk-main-wrapper " id="main-content" role="main">
    <div class="govuk-grid-row">
        <div class="govuk-grid-column-two-thirds">
            <div class="govuk-error-summary" data-module="govuk-error-summary">
                <div role="alert">
                    <h2 class="govuk-error-summary__title"> There is a problem</h2>
                    <div class="govuk-error-summary__body">
                        <ul class="govuk-list govuk-error-summary__list">
                            <li><a href="#extra-conditions-details">Extra conditions details must be 1000 characters or less</a>
                            </li>
                        </ul>
                    </div>
                </div>
            </div>
        </div>
    </div>
    <div class="govuk-grid-row">
        <div class="govuk-grid-column-two-thirds"><span class="govuk-caption-l">Appeal 351062</span>
        </div>
    </div>
    <div class="govuk-grid-row">
        <div class="govuk-grid-column-two-thirds">
            <div class="govuk-grid-row">
                <div class="govuk-grid-column-full">
                    <form method="POST" novalidate="novalidate">
                        <div class="govuk-form-group">
                            <fieldset class="govuk-fieldset">
                                <legend class="govuk-fieldset__legend govuk-fieldset__legend--l">
                                    <h1 class="govuk-fieldset__heading"> Change extra conditions</h1>
                                </legend>
                                <div class="govuk-radios" data-module="govuk-radios">
                                    <div class="govuk-radios__item">
                                        <input class="govuk-radios__input" id="extra-conditions-radio" name="extraConditionsRadio"
                                        type="radio" value="yes" checked data-aria-controls="conditional-extra-conditions-radio">
                                        <label class="govuk-label govuk-radios__label" for="extra-conditions-radio">Yes</label>
                                    </div>
                                    <div class="govuk-radios__conditional" id="conditional-extra-conditions-radio">
                                        <div class="govuk-form-group">
                                            <label class="govuk-label" for="extra-conditions-details">Extra conditions details</label>
                                            <textarea class="govuk-textarea" id="extra-conditions-details"
                                            name="extraConditionsDetails" rows="3">aaaaaaaaaaaaaaaaaaaaaaaaaaaaaaaaaaaaaaaaaaaaaaaaaaaaaaaaaaaaaaaaaaaaaaaaaaaaaaaaaaaaaaaaaaaaaaaaaaaaaaaaaaaaaaaaaaaaaaaaaaaaaaaaaaaaaaaaaaaaaaaaaaaaaaaaaaaaaaaaaaaaaaaaaaaaaaaaaaaaaaaaaaaaaaaaaaaaaaaaaaaaaaaaaaaaaaaaaaaaaaaaaaaaaaaaaaaaaaaaaaaaaaaaaaaaaaaaaaaaaaaaaaaaaaaaaaaaaaaaaaaaaaaaaaaaaaaaaaaaaaaaaaaaaaaaaaaaaaaaaaaaaaaaaaaaaaaaaaaaaaaaaaaaaaaaaaaaaaaaaaaaaaaaaaaaaaaaaaaaaaaaaaaaaaaaaaaaaaaaaaaaaaaaaaaaaaaaaaaaaaaaaaaaaaaaaaaaaaaaaaaaaaaaaaaaaaaaaaaaaaaaaaaaaaaaaaaaaaaaaaaaaaaaaaaaaaaaaaaaaaaaaaaaaaaaaaaaaaaaaaaaaaaaaaaaaaaaaaaaaaaaaaaaaaaaaaaaaaaaaaaaaaaaaaaaaaaaaaaaaaaaaaaaaaaaaaaaaaaaaaaaaaaaaaaaaaaaaaaaaaaaaaaaaaaaaaaaaaaaaaaaaaaaaaaaaaaaaaaaaaaaaaaaaaaaaaaaaaaaaaaaaaaaaaaaaaaaaaaaaaaaaaaaaaaaaaaaaaaaaaaaaaaaaaaaaaaaaaaaaaaaaaaaaaaaaaaaaaaaaaaaaaaaaaaaaaaaaaaaaaaaaaaaaaaaaaaaaaaaaaaaaaaaaaaaaaaaaaaaaaaaaaaaaaaaaaaaaaaaaaaaaaaaaaaaaaaaaaaaaaaaaaaaaaaaaaaaaaaaaaaaaaaaaaaaaaaaaaaaaaaaaaaaaaaaaaaaaaaaaaaaaaaaaaaaaaaaaaaaaaaaaaaaaaaaaaaaaaaaaaaaaaaaaaaaaaaaaaaaaaaaaaaaaaaaaaaaaaaaa</textarea>
                                        </div>
                                    </div>
                                    <div class="govuk-radios__item">
                                        <input class="govuk-radios__input" id="extra-conditions-radio-2" name="extraConditionsRadio"
                                        type="radio" value="no">
                                        <label class="govuk-label govuk-radios__label" for="extra-conditions-radio-2">No</label>
                                    </div>
                                </div>
                            </fieldset>
                        </div>
                        <button type="submit" data-prevent-double-click="true" class="govuk-button"
                        data-module="govuk-button">Continue</button>
                    </form>
                </div>
            </div>
        </div>
    </div>
</main>"
`;
